[debug] [2025-12-11T06:44:12.375Z] ----------------------------------------------------------------------
[debug] [2025-12-11T06:44:12.378Z] Command:       C:\Program Files\nodejs\node.exe C:\Program Files\nodejs\node_modules\firebase-tools\lib\bin\firebase.js init hosting
[debug] [2025-12-11T06:44:12.378Z] CLI Version:   15.0.0
[debug] [2025-12-11T06:44:12.378Z] Platform:      win32
[debug] [2025-12-11T06:44:12.378Z] Node Version:  v21.7.3
[debug] [2025-12-11T06:44:12.378Z] Time:          Thu Dec 11 2025 13:44:12 GMT+0700 (Indochina Time)
[debug] [2025-12-11T06:44:12.378Z] ----------------------------------------------------------------------
[debug] 
[info] 
     ######## #### ########  ######## ########     ###     ######  ########
     ##        ##  ##     ## ##       ##     ##  ##   ##  ##       ##
     ######    ##  ########  ######   ########  #########  ######  ######
     ##        ##  ##    ##  ##       ##     ## ##     ##       ## ##
     ##       #### ##     ## ######## ########  ##     ##  ######  ########

You're about to initialize a Firebase project in this directory:

  D:\repository\rasanara\landing-page

Before we get started, keep in mind:

  * You are initializing within an existing Firebase project directory

[info] 
=== Project Setup
[info] 
[info] First, let's associate this project directory with a Firebase project.
[info] You can create multiple project aliases by running firebase use --add, 
[info] 
[debug] [2025-12-11T06:44:14.822Z] > command requires scopes: ["email","openid","https://www.googleapis.com/auth/cloudplatformprojects.readonly","https://www.googleapis.com/auth/firebase","https://www.googleapis.com/auth/cloud-platform"]
[debug] [2025-12-11T06:44:14.824Z] > authorizing via signed-in user (ridwannurdiyanto93@gmail.com)
[debug] [2025-12-11T06:44:14.828Z] Checked if tokens are valid: true, expires at: 1765438684472
[debug] [2025-12-11T06:44:14.829Z] Checked if tokens are valid: true, expires at: 1765438684472
[debug] [2025-12-11T06:44:14.831Z] >>> [apiv2][query] GET https://firebase.googleapis.com/v1beta1/projects/rasanara-project [none]
[debug] [2025-12-11T06:44:16.094Z] <<< [apiv2][status] GET https://firebase.googleapis.com/v1beta1/projects/rasanara-project 200
[debug] [2025-12-11T06:44:16.094Z] <<< [apiv2][body] GET https://firebase.googleapis.com/v1beta1/projects/rasanara-project {"projectId":"rasanara-project","projectNumber":"429967425690","displayName":"rasanara","name":"projects/rasanara-project","resources":{"hostingSite":"rasanara-project"},"state":"ACTIVE","etag":"1_4c0f7cd5-8cf2-4042-afc4-e757d5c89bf4"}
[info] i  Using project rasanara-project (rasanara) . 
[info] 
=== Hosting Setup
[debug] [2025-12-11T06:44:16.114Z] Checked if tokens are valid: true, expires at: 1765438684472
[debug] [2025-12-11T06:44:16.114Z] Checked if tokens are valid: true, expires at: 1765438684472
[debug] [2025-12-11T06:44:16.114Z] >>> [apiv2][query] GET https://firebase.googleapis.com/v1beta1/projects/rasanara-project [none]
[debug] [2025-12-11T06:44:16.392Z] <<< [apiv2][status] GET https://firebase.googleapis.com/v1beta1/projects/rasanara-project 200
[debug] [2025-12-11T06:44:16.392Z] <<< [apiv2][body] GET https://firebase.googleapis.com/v1beta1/projects/rasanara-project {"projectId":"rasanara-project","projectNumber":"429967425690","displayName":"rasanara","name":"projects/rasanara-project","resources":{"hostingSite":"rasanara-project"},"state":"ACTIVE","etag":"1_4c0f7cd5-8cf2-4042-afc4-e757d5c89bf4"}
[info] 
[info] Your public directory is the folder (relative to your project directory) that
[info] will contain Hosting assets to be uploaded with firebase deploy. If you
[info] have a build process for your assets, use your build's output directory.
[info] 
[info] 
[info] i  Detected a .git folder at D:\repository\rasanara\landing-page 
[info] i  Authorizing with GitHub to upload your service account to a GitHub repository's secrets store. 
[info] 
[info] Visit this URL on this device to log in:
[info] https://github.com/login/oauth/authorize?client_id=89cf50f02ac6aaed3484&state=435765512&redirect_uri=http%3A%2F%2Flocalhost%3A9005&scope=read%3Auser%20repo%20public_repo
[info] 
[info] Waiting for authentication...
[debug] [2025-12-11T06:45:04.630Z] ----------------------------------------------------------------------
[debug] [2025-12-11T06:45:04.633Z] Command:       C:\Program Files\nodejs\node.exe C:\Program Files\nodejs\node_modules\firebase-tools\lib\bin\firebase.js init hosting
[debug] [2025-12-11T06:45:04.634Z] CLI Version:   15.0.0
[debug] [2025-12-11T06:45:04.634Z] Platform:      win32
[debug] [2025-12-11T06:45:04.634Z] Node Version:  v21.7.3
[debug] [2025-12-11T06:45:04.634Z] Time:          Thu Dec 11 2025 13:45:04 GMT+0700 (Indochina Time)
[debug] [2025-12-11T06:45:04.635Z] ----------------------------------------------------------------------
[debug] 
[info] 
     ######## #### ########  ######## ########     ###     ######  ########
     ##        ##  ##     ## ##       ##     ##  ##   ##  ##       ##
     ######    ##  ########  ######   ########  #########  ######  ######
     ##        ##  ##    ##  ##       ##     ## ##     ##       ## ##
     ##       #### ##     ## ######## ########  ##     ##  ######  ########

You're about to initialize a Firebase project in this directory:

  D:\repository\rasanara\landing-page

Before we get started, keep in mind:

  * You are initializing within an existing Firebase project directory

[info] 
=== Project Setup
[info] 
[info] First, let's associate this project directory with a Firebase project.
[info] You can create multiple project aliases by running firebase use --add, 
[info] 
[debug] [2025-12-11T06:45:07.250Z] > command requires scopes: ["email","openid","https://www.googleapis.com/auth/cloudplatformprojects.readonly","https://www.googleapis.com/auth/firebase","https://www.googleapis.com/auth/cloud-platform"]
[debug] [2025-12-11T06:45:07.251Z] > authorizing via signed-in user (ridwannurdiyanto93@gmail.com)
[debug] [2025-12-11T06:45:07.253Z] Checked if tokens are valid: true, expires at: 1765438684472
[debug] [2025-12-11T06:45:07.253Z] Checked if tokens are valid: true, expires at: 1765438684472
[debug] [2025-12-11T06:45:07.257Z] >>> [apiv2][query] GET https://firebase.googleapis.com/v1beta1/projects/rasanara-project [none]
[debug] [2025-12-11T06:45:07.661Z] <<< [apiv2][status] GET https://firebase.googleapis.com/v1beta1/projects/rasanara-project 200
[debug] [2025-12-11T06:45:07.661Z] <<< [apiv2][body] GET https://firebase.googleapis.com/v1beta1/projects/rasanara-project {"projectId":"rasanara-project","projectNumber":"429967425690","displayName":"rasanara","name":"projects/rasanara-project","resources":{"hostingSite":"rasanara-project"},"state":"ACTIVE","etag":"1_4c0f7cd5-8cf2-4042-afc4-e757d5c89bf4"}
[info] i  Using project rasanara-project (rasanara) . 
[info] 
=== Hosting Setup
[debug] [2025-12-11T06:45:07.672Z] Checked if tokens are valid: true, expires at: 1765438684472
[debug] [2025-12-11T06:45:07.672Z] Checked if tokens are valid: true, expires at: 1765438684472
[debug] [2025-12-11T06:45:07.672Z] >>> [apiv2][query] GET https://firebase.googleapis.com/v1beta1/projects/rasanara-project [none]
[debug] [2025-12-11T06:45:08.003Z] <<< [apiv2][status] GET https://firebase.googleapis.com/v1beta1/projects/rasanara-project 200
[debug] [2025-12-11T06:45:08.003Z] <<< [apiv2][body] GET https://firebase.googleapis.com/v1beta1/projects/rasanara-project {"projectId":"rasanara-project","projectNumber":"429967425690","displayName":"rasanara","name":"projects/rasanara-project","resources":{"hostingSite":"rasanara-project"},"state":"ACTIVE","etag":"1_4c0f7cd5-8cf2-4042-afc4-e757d5c89bf4"}
[info] 
[info] Your public directory is the folder (relative to your project directory) that
[info] will contain Hosting assets to be uploaded with firebase deploy. If you
[info] have a build process for your assets, use your build's output directory.
[info] 
[debug] [2025-12-11T06:45:09.475Z] ExitPromptError: User force closed the prompt with SIGINT
    at Interface.sigint (C:\Users\ridwannp\AppData\Roaming\nvm\v21.7.3\node_modules\firebase-tools\node_modules\@inquirer\core\dist\commonjs\lib\create-prompt.js:101:37)
    at Interface.emit (node:events:519:28)
    at [_ttyWrite] [as _ttyWrite] (node:internal/readline/interface:1125:18)
    at ReadStream.onkeypress (node:internal/readline/interface:264:20)
    at ReadStream.emit (node:events:531:35)
    at emitKeys (node:internal/readline/utils:371:14)
    at emitKeys.next (<anonymous>)
    at ReadStream.onData (node:internal/readline/emitKeypressEvents:64:36)
    at ReadStream.emit (node:events:519:28)
    at addChunk (node:internal/streams/readable:559:12)
[error] 
[error] Error: An unexpected error has occurred.
